// Jest Snapshot v1, https://goo.gl/fbAQLP

exports[`SelectedCard should match the snapshot 1`] = `
ShallowWrapper {
  Symbol(enzyme.__root__): [Circular],
  Symbol(enzyme.__unrendered__): <SelectedCard
    yUrl="kscislkcn"
/>,
  Symbol(enzyme.__renderer__): Object {
    "batchedUpdates": [Function],
    "getNode": [Function],
    "render": [Function],
    "simulateError": [Function],
    "simulateEvent": [Function],
    "unmount": [Function],
  },
  Symbol(enzyme.__node__): Object {
    "instance": null,
    "key": undefined,
    "nodeType": "host",
    "props": Object {
      "children": Array [
        <div
          className="selected-card-title"
>
          <img
                    alt="delete button"
                    className="minus-button"
                    onClick={[Function]}
                    src="minus-symbol.svg"
          />
          <h1
                    className="searched-title"
          />
</div>,
        <div
          className="selected-card-info"
>
          <div
                    className="selected-card-description"
          >
                    <ShowMoreText
                              anchorClass=""
                              less="Show less"
                              lines={3}
                              more="Show more"
                              onClick={undefined}
                    />
          </div>
          <div
                    className="selected-card-links"
          >
                    <YouTube
                              className="youtube-video"
                              containerClassName=""
                              id={null}
                              onEnd={[Function]}
                              onError={[Function]}
                              onPause={[Function]}
                              onPlay={[Function]}
                              onPlaybackQualityChange={[Function]}
                              onPlaybackRateChange={[Function]}
                              onReady={[Function]}
                              onStateChange={[Function]}
                              opts={
                                        Object {
                                                  "autoplay": 1,
                                                  "height": "300",
                                                  "width": "300",
                                                }
                              }
                              videoId=""
                    />
                    <a
                              href={undefined}
                    >
                              Wikipedia Link
                    </a>
          </div>
</div>,
      ],
      "className": "selected-card",
    },
    "ref": null,
    "rendered": Array [
      Object {
        "instance": null,
        "key": undefined,
        "nodeType": "host",
        "props": Object {
          "children": Array [
            <img
              alt="delete button"
              className="minus-button"
              onClick={[Function]}
              src="minus-symbol.svg"
/>,
            <h1
              className="searched-title"
/>,
          ],
          "className": "selected-card-title",
        },
        "ref": null,
        "rendered": Array [
          Object {
            "instance": null,
            "key": undefined,
            "nodeType": "host",
            "props": Object {
              "alt": "delete button",
              "className": "minus-button",
              "onClick": [Function],
              "src": "minus-symbol.svg",
            },
            "ref": null,
            "rendered": null,
            "type": "img",
          },
          Object {
            "instance": null,
            "key": undefined,
            "nodeType": "host",
            "props": Object {
              "children": undefined,
              "className": "searched-title",
            },
            "ref": null,
            "rendered": null,
            "type": "h1",
          },
        ],
        "type": "div",
      },
      Object {
        "instance": null,
        "key": undefined,
        "nodeType": "host",
        "props": Object {
          "children": Array [
            <div
              className="selected-card-description"
>
              <ShowMoreText
                            anchorClass=""
                            less="Show less"
                            lines={3}
                            more="Show more"
                            onClick={undefined}
              />
</div>,
            <div
              className="selected-card-links"
>
              <YouTube
                            className="youtube-video"
                            containerClassName=""
                            id={null}
                            onEnd={[Function]}
                            onError={[Function]}
                            onPause={[Function]}
                            onPlay={[Function]}
                            onPlaybackQualityChange={[Function]}
                            onPlaybackRateChange={[Function]}
                            onReady={[Function]}
                            onStateChange={[Function]}
                            opts={
                                          Object {
                                                        "autoplay": 1,
                                                        "height": "300",
                                                        "width": "300",
                                                      }
                            }
                            videoId=""
              />
              <a
                            href={undefined}
              >
                            Wikipedia Link
              </a>
</div>,
          ],
          "className": "selected-card-info",
        },
        "ref": null,
        "rendered": Array [
          Object {
            "instance": null,
            "key": undefined,
            "nodeType": "host",
            "props": Object {
              "children": <ShowMoreText
                anchorClass=""
                less="Show less"
                lines={3}
                more="Show more"
                onClick={undefined}
/>,
              "className": "selected-card-description",
            },
            "ref": null,
            "rendered": Object {
              "instance": null,
              "key": undefined,
              "nodeType": "class",
              "props": Object {
                "anchorClass": "",
                "children": undefined,
                "less": "Show less",
                "lines": 3,
                "more": "Show more",
                "onClick": undefined,
              },
              "ref": null,
              "rendered": null,
              "type": [Function],
            },
            "type": "div",
          },
          Object {
            "instance": null,
            "key": undefined,
            "nodeType": "host",
            "props": Object {
              "children": Array [
                <YouTube
                  className="youtube-video"
                  containerClassName=""
                  id={null}
                  onEnd={[Function]}
                  onError={[Function]}
                  onPause={[Function]}
                  onPlay={[Function]}
                  onPlaybackQualityChange={[Function]}
                  onPlaybackRateChange={[Function]}
                  onReady={[Function]}
                  onStateChange={[Function]}
                  opts={
                                    Object {
                                                      "autoplay": 1,
                                                      "height": "300",
                                                      "width": "300",
                                                    }
                  }
                  videoId=""
/>,
                <a
                  href={undefined}
>
                  Wikipedia Link
</a>,
              ],
              "className": "selected-card-links",
            },
            "ref": null,
            "rendered": Array [
              Object {
                "instance": null,
                "key": undefined,
                "nodeType": "class",
                "props": Object {
                  "className": "youtube-video",
                  "containerClassName": "",
                  "id": null,
                  "onEnd": [Function],
                  "onError": [Function],
                  "onPause": [Function],
                  "onPlay": [Function],
                  "onPlaybackQualityChange": [Function],
                  "onPlaybackRateChange": [Function],
                  "onReady": [Function],
                  "onStateChange": [Function],
                  "opts": Object {
                    "autoplay": 1,
                    "height": "300",
                    "width": "300",
                  },
                  "videoId": "",
                },
                "ref": null,
                "rendered": null,
                "type": [Function],
              },
              Object {
                "instance": null,
                "key": undefined,
                "nodeType": "host",
                "props": Object {
                  "children": "Wikipedia Link",
                  "href": undefined,
                },
                "ref": null,
                "rendered": "Wikipedia Link",
                "type": "a",
              },
            ],
            "type": "div",
          },
        ],
        "type": "div",
      },
    ],
    "type": "article",
  },
  Symbol(enzyme.__nodes__): Array [
    Object {
      "instance": null,
      "key": undefined,
      "nodeType": "host",
      "props": Object {
        "children": Array [
          <div
            className="selected-card-title"
>
            <img
                        alt="delete button"
                        className="minus-button"
                        onClick={[Function]}
                        src="minus-symbol.svg"
            />
            <h1
                        className="searched-title"
            />
</div>,
          <div
            className="selected-card-info"
>
            <div
                        className="selected-card-description"
            >
                        <ShowMoreText
                                    anchorClass=""
                                    less="Show less"
                                    lines={3}
                                    more="Show more"
                                    onClick={undefined}
                        />
            </div>
            <div
                        className="selected-card-links"
            >
                        <YouTube
                                    className="youtube-video"
                                    containerClassName=""
                                    id={null}
                                    onEnd={[Function]}
                                    onError={[Function]}
                                    onPause={[Function]}
                                    onPlay={[Function]}
                                    onPlaybackQualityChange={[Function]}
                                    onPlaybackRateChange={[Function]}
                                    onReady={[Function]}
                                    onStateChange={[Function]}
                                    opts={
                                                Object {
                                                            "autoplay": 1,
                                                            "height": "300",
                                                            "width": "300",
                                                          }
                                    }
                                    videoId=""
                        />
                        <a
                                    href={undefined}
                        >
                                    Wikipedia Link
                        </a>
            </div>
</div>,
        ],
        "className": "selected-card",
      },
      "ref": null,
      "rendered": Array [
        Object {
          "instance": null,
          "key": undefined,
          "nodeType": "host",
          "props": Object {
            "children": Array [
              <img
                alt="delete button"
                className="minus-button"
                onClick={[Function]}
                src="minus-symbol.svg"
/>,
              <h1
                className="searched-title"
/>,
            ],
            "className": "selected-card-title",
          },
          "ref": null,
          "rendered": Array [
            Object {
              "instance": null,
              "key": undefined,
              "nodeType": "host",
              "props": Object {
                "alt": "delete button",
                "className": "minus-button",
                "onClick": [Function],
                "src": "minus-symbol.svg",
              },
              "ref": null,
              "rendered": null,
              "type": "img",
            },
            Object {
              "instance": null,
              "key": undefined,
              "nodeType": "host",
              "props": Object {
                "children": undefined,
                "className": "searched-title",
              },
              "ref": null,
              "rendered": null,
              "type": "h1",
            },
          ],
          "type": "div",
        },
        Object {
          "instance": null,
          "key": undefined,
          "nodeType": "host",
          "props": Object {
            "children": Array [
              <div
                className="selected-card-description"
>
                <ShowMoreText
                                anchorClass=""
                                less="Show less"
                                lines={3}
                                more="Show more"
                                onClick={undefined}
                />
</div>,
              <div
                className="selected-card-links"
>
                <YouTube
                                className="youtube-video"
                                containerClassName=""
                                id={null}
                                onEnd={[Function]}
                                onError={[Function]}
                                onPause={[Function]}
                                onPlay={[Function]}
                                onPlaybackQualityChange={[Function]}
                                onPlaybackRateChange={[Function]}
                                onReady={[Function]}
                                onStateChange={[Function]}
                                opts={
                                                Object {
                                                                "autoplay": 1,
                                                                "height": "300",
                                                                "width": "300",
                                                              }
                                }
                                videoId=""
                />
                <a
                                href={undefined}
                >
                                Wikipedia Link
                </a>
</div>,
            ],
            "className": "selected-card-info",
          },
          "ref": null,
          "rendered": Array [
            Object {
              "instance": null,
              "key": undefined,
              "nodeType": "host",
              "props": Object {
                "children": <ShowMoreText
                  anchorClass=""
                  less="Show less"
                  lines={3}
                  more="Show more"
                  onClick={undefined}
/>,
                "className": "selected-card-description",
              },
              "ref": null,
              "rendered": Object {
                "instance": null,
                "key": undefined,
                "nodeType": "class",
                "props": Object {
                  "anchorClass": "",
                  "children": undefined,
                  "less": "Show less",
                  "lines": 3,
                  "more": "Show more",
                  "onClick": undefined,
                },
                "ref": null,
                "rendered": null,
                "type": [Function],
              },
              "type": "div",
            },
            Object {
              "instance": null,
              "key": undefined,
              "nodeType": "host",
              "props": Object {
                "children": Array [
                  <YouTube
                    className="youtube-video"
                    containerClassName=""
                    id={null}
                    onEnd={[Function]}
                    onError={[Function]}
                    onPause={[Function]}
                    onPlay={[Function]}
                    onPlaybackQualityChange={[Function]}
                    onPlaybackRateChange={[Function]}
                    onReady={[Function]}
                    onStateChange={[Function]}
                    opts={
                                        Object {
                                                            "autoplay": 1,
                                                            "height": "300",
                                                            "width": "300",
                                                          }
                    }
                    videoId=""
/>,
                  <a
                    href={undefined}
>
                    Wikipedia Link
</a>,
                ],
                "className": "selected-card-links",
              },
              "ref": null,
              "rendered": Array [
                Object {
                  "instance": null,
                  "key": undefined,
                  "nodeType": "class",
                  "props": Object {
                    "className": "youtube-video",
                    "containerClassName": "",
                    "id": null,
                    "onEnd": [Function],
                    "onError": [Function],
                    "onPause": [Function],
                    "onPlay": [Function],
                    "onPlaybackQualityChange": [Function],
                    "onPlaybackRateChange": [Function],
                    "onReady": [Function],
                    "onStateChange": [Function],
                    "opts": Object {
                      "autoplay": 1,
                      "height": "300",
                      "width": "300",
                    },
                    "videoId": "",
                  },
                  "ref": null,
                  "rendered": null,
                  "type": [Function],
                },
                Object {
                  "instance": null,
                  "key": undefined,
                  "nodeType": "host",
                  "props": Object {
                    "children": "Wikipedia Link",
                    "href": undefined,
                  },
                  "ref": null,
                  "rendered": "Wikipedia Link",
                  "type": "a",
                },
              ],
              "type": "div",
            },
          ],
          "type": "div",
        },
      ],
      "type": "article",
    },
  ],
  Symbol(enzyme.__options__): Object {
    "adapter": ReactSixteenAdapter {
      "options": Object {
        "enableComponentDidUpdateOnSetState": true,
        "lifecycles": Object {
          "componentDidUpdate": Object {
            "onSetState": true,
          },
          "getDerivedStateFromProps": true,
          "getSnapshotBeforeUpdate": true,
          "setState": Object {
            "skipsComponentDidUpdateOnNullish": true,
          },
        },
      },
    },
    "attachTo": undefined,
    "hydrateIn": undefined,
  },
}
`;
