// Jest Snapshot v1, https://goo.gl/fbAQLP

exports[`SearchedCard should match the snapshot 1`] = `
ShallowWrapper {
  Symbol(enzyme.__root__): [Circular],
  Symbol(enzyme.__unrendered__): <SearchedCard />,
  Symbol(enzyme.__renderer__): Object {
    "batchedUpdates": [Function],
    "getNode": [Function],
    "render": [Function],
    "simulateError": [Function],
    "simulateEvent": [Function],
    "unmount": [Function],
  },
  Symbol(enzyme.__node__): Object {
    "instance": null,
    "key": undefined,
    "nodeType": "host",
    "props": Object {
      "children": Array [
        <div
          className="card-title"
>
          <div
                    className="button-section"
          >
                    <img
                              alt="add button svg"
                              className="add-button"
                              onClick={[Function]}
                              src="plus.svg"
                    />
          </div>
          <div
                    className="search-heading"
          >
                    <h1>
                              :
                    </h1>
                    <h1
                              className="searched-card-title"
                    />
          </div>
</div>,
        <div
          className="card-info"
>
          <div
                    className="card-description"
          >
                    <ShowMoreText
                              anchorClass=""
                              less="Show less"
                              lines={3}
                              more="Show more"
                              onClick={undefined}
                    />
          </div>
          <div
                    className="card-links"
          >
                    <a
                              href={undefined}
                    >
                              Wikipedia Link
                    </a>
          </div>
</div>,
      ],
      "className": "searched-card",
    },
    "ref": null,
    "rendered": Array [
      Object {
        "instance": null,
        "key": undefined,
        "nodeType": "host",
        "props": Object {
          "children": Array [
            <div
              className="button-section"
>
              <img
                            alt="add button svg"
                            className="add-button"
                            onClick={[Function]}
                            src="plus.svg"
              />
</div>,
            <div
              className="search-heading"
>
              <h1>
                            :
              </h1>
              <h1
                            className="searched-card-title"
              />
</div>,
          ],
          "className": "card-title",
        },
        "ref": null,
        "rendered": Array [
          Object {
            "instance": null,
            "key": undefined,
            "nodeType": "host",
            "props": Object {
              "children": <img
                alt="add button svg"
                className="add-button"
                onClick={[Function]}
                src="plus.svg"
/>,
              "className": "button-section",
            },
            "ref": null,
            "rendered": Object {
              "instance": null,
              "key": undefined,
              "nodeType": "host",
              "props": Object {
                "alt": "add button svg",
                "className": "add-button",
                "onClick": [Function],
                "src": "plus.svg",
              },
              "ref": null,
              "rendered": null,
              "type": "img",
            },
            "type": "div",
          },
          Object {
            "instance": null,
            "key": undefined,
            "nodeType": "host",
            "props": Object {
              "children": Array [
                <h1>
                  :
</h1>,
                <h1
                  className="searched-card-title"
/>,
              ],
              "className": "search-heading",
            },
            "ref": null,
            "rendered": Array [
              Object {
                "instance": null,
                "key": undefined,
                "nodeType": "host",
                "props": Object {
                  "children": Array [
                    undefined,
                    ":",
                  ],
                },
                "ref": null,
                "rendered": Array [
                  undefined,
                  ":",
                ],
                "type": "h1",
              },
              Object {
                "instance": null,
                "key": undefined,
                "nodeType": "host",
                "props": Object {
                  "children": undefined,
                  "className": "searched-card-title",
                },
                "ref": null,
                "rendered": null,
                "type": "h1",
              },
            ],
            "type": "div",
          },
        ],
        "type": "div",
      },
      Object {
        "instance": null,
        "key": undefined,
        "nodeType": "host",
        "props": Object {
          "children": Array [
            <div
              className="card-description"
>
              <ShowMoreText
                            anchorClass=""
                            less="Show less"
                            lines={3}
                            more="Show more"
                            onClick={undefined}
              />
</div>,
            <div
              className="card-links"
>
              <a
                            href={undefined}
              >
                            Wikipedia Link
              </a>
</div>,
          ],
          "className": "card-info",
        },
        "ref": null,
        "rendered": Array [
          Object {
            "instance": null,
            "key": undefined,
            "nodeType": "host",
            "props": Object {
              "children": <ShowMoreText
                anchorClass=""
                less="Show less"
                lines={3}
                more="Show more"
                onClick={undefined}
/>,
              "className": "card-description",
            },
            "ref": null,
            "rendered": Object {
              "instance": null,
              "key": undefined,
              "nodeType": "class",
              "props": Object {
                "anchorClass": "",
                "children": undefined,
                "less": "Show less",
                "lines": 3,
                "more": "Show more",
                "onClick": undefined,
              },
              "ref": null,
              "rendered": null,
              "type": [Function],
            },
            "type": "div",
          },
          Object {
            "instance": null,
            "key": undefined,
            "nodeType": "host",
            "props": Object {
              "children": Array [
                undefined,
                <a
                  href={undefined}
>
                  Wikipedia Link
</a>,
              ],
              "className": "card-links",
            },
            "ref": null,
            "rendered": Array [
              undefined,
              Object {
                "instance": null,
                "key": undefined,
                "nodeType": "host",
                "props": Object {
                  "children": "Wikipedia Link",
                  "href": undefined,
                },
                "ref": null,
                "rendered": "Wikipedia Link",
                "type": "a",
              },
            ],
            "type": "div",
          },
        ],
        "type": "div",
      },
    ],
    "type": "article",
  },
  Symbol(enzyme.__nodes__): Array [
    Object {
      "instance": null,
      "key": undefined,
      "nodeType": "host",
      "props": Object {
        "children": Array [
          <div
            className="card-title"
>
            <div
                        className="button-section"
            >
                        <img
                                    alt="add button svg"
                                    className="add-button"
                                    onClick={[Function]}
                                    src="plus.svg"
                        />
            </div>
            <div
                        className="search-heading"
            >
                        <h1>
                                    :
                        </h1>
                        <h1
                                    className="searched-card-title"
                        />
            </div>
</div>,
          <div
            className="card-info"
>
            <div
                        className="card-description"
            >
                        <ShowMoreText
                                    anchorClass=""
                                    less="Show less"
                                    lines={3}
                                    more="Show more"
                                    onClick={undefined}
                        />
            </div>
            <div
                        className="card-links"
            >
                        <a
                                    href={undefined}
                        >
                                    Wikipedia Link
                        </a>
            </div>
</div>,
        ],
        "className": "searched-card",
      },
      "ref": null,
      "rendered": Array [
        Object {
          "instance": null,
          "key": undefined,
          "nodeType": "host",
          "props": Object {
            "children": Array [
              <div
                className="button-section"
>
                <img
                                alt="add button svg"
                                className="add-button"
                                onClick={[Function]}
                                src="plus.svg"
                />
</div>,
              <div
                className="search-heading"
>
                <h1>
                                :
                </h1>
                <h1
                                className="searched-card-title"
                />
</div>,
            ],
            "className": "card-title",
          },
          "ref": null,
          "rendered": Array [
            Object {
              "instance": null,
              "key": undefined,
              "nodeType": "host",
              "props": Object {
                "children": <img
                  alt="add button svg"
                  className="add-button"
                  onClick={[Function]}
                  src="plus.svg"
/>,
                "className": "button-section",
              },
              "ref": null,
              "rendered": Object {
                "instance": null,
                "key": undefined,
                "nodeType": "host",
                "props": Object {
                  "alt": "add button svg",
                  "className": "add-button",
                  "onClick": [Function],
                  "src": "plus.svg",
                },
                "ref": null,
                "rendered": null,
                "type": "img",
              },
              "type": "div",
            },
            Object {
              "instance": null,
              "key": undefined,
              "nodeType": "host",
              "props": Object {
                "children": Array [
                  <h1>
                    :
</h1>,
                  <h1
                    className="searched-card-title"
/>,
                ],
                "className": "search-heading",
              },
              "ref": null,
              "rendered": Array [
                Object {
                  "instance": null,
                  "key": undefined,
                  "nodeType": "host",
                  "props": Object {
                    "children": Array [
                      undefined,
                      ":",
                    ],
                  },
                  "ref": null,
                  "rendered": Array [
                    undefined,
                    ":",
                  ],
                  "type": "h1",
                },
                Object {
                  "instance": null,
                  "key": undefined,
                  "nodeType": "host",
                  "props": Object {
                    "children": undefined,
                    "className": "searched-card-title",
                  },
                  "ref": null,
                  "rendered": null,
                  "type": "h1",
                },
              ],
              "type": "div",
            },
          ],
          "type": "div",
        },
        Object {
          "instance": null,
          "key": undefined,
          "nodeType": "host",
          "props": Object {
            "children": Array [
              <div
                className="card-description"
>
                <ShowMoreText
                                anchorClass=""
                                less="Show less"
                                lines={3}
                                more="Show more"
                                onClick={undefined}
                />
</div>,
              <div
                className="card-links"
>
                <a
                                href={undefined}
                >
                                Wikipedia Link
                </a>
</div>,
            ],
            "className": "card-info",
          },
          "ref": null,
          "rendered": Array [
            Object {
              "instance": null,
              "key": undefined,
              "nodeType": "host",
              "props": Object {
                "children": <ShowMoreText
                  anchorClass=""
                  less="Show less"
                  lines={3}
                  more="Show more"
                  onClick={undefined}
/>,
                "className": "card-description",
              },
              "ref": null,
              "rendered": Object {
                "instance": null,
                "key": undefined,
                "nodeType": "class",
                "props": Object {
                  "anchorClass": "",
                  "children": undefined,
                  "less": "Show less",
                  "lines": 3,
                  "more": "Show more",
                  "onClick": undefined,
                },
                "ref": null,
                "rendered": null,
                "type": [Function],
              },
              "type": "div",
            },
            Object {
              "instance": null,
              "key": undefined,
              "nodeType": "host",
              "props": Object {
                "children": Array [
                  undefined,
                  <a
                    href={undefined}
>
                    Wikipedia Link
</a>,
                ],
                "className": "card-links",
              },
              "ref": null,
              "rendered": Array [
                undefined,
                Object {
                  "instance": null,
                  "key": undefined,
                  "nodeType": "host",
                  "props": Object {
                    "children": "Wikipedia Link",
                    "href": undefined,
                  },
                  "ref": null,
                  "rendered": "Wikipedia Link",
                  "type": "a",
                },
              ],
              "type": "div",
            },
          ],
          "type": "div",
        },
      ],
      "type": "article",
    },
  ],
  Symbol(enzyme.__options__): Object {
    "adapter": ReactSixteenAdapter {
      "options": Object {
        "enableComponentDidUpdateOnSetState": true,
        "lifecycles": Object {
          "componentDidUpdate": Object {
            "onSetState": true,
          },
          "getDerivedStateFromProps": true,
          "getSnapshotBeforeUpdate": true,
          "setState": Object {
            "skipsComponentDidUpdateOnNullish": true,
          },
        },
      },
    },
    "attachTo": undefined,
    "hydrateIn": undefined,
  },
}
`;
